C:\Program Files\Microsoft Visual Studio\2022\Community\MSBuild\Microsoft\VC\v170\Microsoft.CppBuild.targets(516,5): warning MSB8004: Intermediate Directory does not end with a trailing slash.  This build instance will add the slash as it is required to allow proper evaluation of the Intermediate Directory.
C:\Program Files\Microsoft Visual Studio\2022\Community\MSBuild\Microsoft\VC\v170\Microsoft.CppBuild.targets(517,5): warning MSB8004: Output Directory does not end with a trailing slash.  This build instance will add the slash as it is required to allow proper evaluation of the Output Directory.
  Assembling KernelCalls.x64.asm...
  BasicChecks.cpp
  CAtomicAntiCheat.cpp
  CAtomicHook.cpp
  CAtomicNetwork.cpp
  CAtomicThread.cpp
  CGuardManager.cpp
  CHWID.cpp
  dllmain.cpp
  FileAuthentication.cpp
  CGuardBase.cpp
  CHeuristicGuard.cpp
  CModuleGuard.cpp
  CProcessGuard.cpp
  PEBHide.cpp
  Screenshot.cpp
  StdInc.cpp
C:\AtomicShield\AtomicShieldClient\AtomicEngine\PEBHide.cpp(7,17): warning C4101: 'modInfo': unreferenced local variable
C:\AtomicShield\AtomicShieldClient\AtomicEngine\PEBHide.cpp(19,30): warning C4101: 'LdrModule': unreferenced local variable
C:\AtomicShield\AtomicShieldClient\AtomicEngine\Guards\CModuleGuard.cpp(27,11): warning C4101: 'dwbytesWritten': unreferenced local variable
C:\AtomicShield\AtomicShieldClient\AtomicEngine\Guards\CModuleGuard.cpp(24,11): warning C4101: 'i': unreferenced local variable
C:\AtomicShield\AtomicShieldClient\AtomicEngine\Guards\CModuleGuard.cpp(25,11): warning C4101: 'dwOldProtect': unreferenced local variable
C:\AtomicShield\AtomicShieldClient\AtomicEngine\CAtomicThread.cpp(51,43): warning C4311: 'type cast': pointer truncation from 'void *' to 'NTSTATUS'
C:\AtomicShield\AtomicShieldClient\AtomicEngine\CAtomicThread.cpp(51,43): warning C4302: 'type cast': truncation from 'void *' to 'NTSTATUS'
C:\AtomicShield\AtomicShieldClient\AtomicEngine\CAtomicAntiCheat.cpp(99,33): warning C4477: 'sprintf' : format string '%p' requires an argument of type 'void *', but variadic argument 1 has type 'const _First'
C:\AtomicShield\AtomicShieldClient\AtomicEngine\CAtomicAntiCheat.cpp(99,33): warning C4477:         with
C:\AtomicShield\AtomicShieldClient\AtomicEngine\CAtomicAntiCheat.cpp(99,33): warning C4477:         [
C:\AtomicShield\AtomicShieldClient\AtomicEngine\CAtomicAntiCheat.cpp(99,33): warning C4477:             _First=DWORD64
C:\AtomicShield\AtomicShieldClient\AtomicEngine\CAtomicAntiCheat.cpp(99,33): warning C4477:         ]
  Utils.cpp
  IXBench.cpp
  IXCancellationRequest.cpp
  IXConnectionState.cpp
  IXDNSLookup.cpp
  IXExponentialBackoff.cpp
C:\AtomicShield\AtomicShieldClient\AtomicEngine\Vendor\ixwebsocket\IXExponentialBackoff.cpp(24,48): warning C4244: '=': conversion from 'double' to 'uint32_t', possible loss of data
  IXGetFreePort.cpp
  IXGzipCodec.cpp
  IXHttp.cpp
  IXHttpClient.cpp
  IXHttpServer.cpp
  IXNetSystem.cpp
  IXSelectInterrupt.cpp
  IXSelectInterruptEvent.cpp
  IXSelectInterruptFactory.cpp
  IXSelectInterruptPipe.cpp
  IXSetThreadName.cpp
  IXSocket.cpp
C:\AtomicShield\AtomicShieldClient\AtomicEngine\Vendor\ixwebsocket\IXNetSystem.cpp(156,60): warning C4267: 'argument': conversion from 'size_t' to 'DWORD', possible loss of data
C:\AtomicShield\AtomicShieldClient\AtomicEngine\Vendor\ixwebsocket\IXNetSystem.cpp(245,36): warning C4244: 'argument': conversion from 'ix::socket_t' to 'int', possible loss of data
  IXSocketAppleSSL.cpp
  IXSocketConnect.cpp
  IXSocketFactory.cpp
C:\AtomicShield\AtomicShieldClient\AtomicEngine\Vendor\ixwebsocket\IXGetFreePort.cpp(54,33): warning C4244: 'argument': conversion from 'ix::socket_t' to 'int', possible loss of data
C:\AtomicShield\AtomicShieldClient\AtomicEngine\Vendor\ixwebsocket\IXGetFreePort.cpp(62,33): warning C4244: 'argument': conversion from 'ix::socket_t' to 'int', possible loss of data
C:\AtomicShield\AtomicShieldClient\AtomicEngine\Vendor\ixwebsocket\IXGetFreePort.cpp(67,29): warning C4244: 'argument': conversion from 'ix::socket_t' to 'int', possible loss of data
  IXSocketMbedTLS.cpp
  IXSocketOpenSSL.cpp
  IXSocketServer.cpp
  IXSocketTLSOptions.cpp
  IXStrCaseCompare.cpp
  IXUdpSocket.cpp
  IXUrlParser.cpp
  IXUserAgent.cpp
  IXUuid.cpp
  IXWebSocket.cpp
  IXWebSocketCloseConstants.cpp
  IXWebSocketHandshake.cpp
C:\AtomicShield\AtomicShieldClient\AtomicEngine\Vendor\ixwebsocket\IXSocket.cpp(250,40): warning C4267: 'argument': conversion from 'size_t' to 'int', possible loss of data
C:\AtomicShield\AtomicShieldClient\AtomicEngine\Vendor\ixwebsocket\IXSocket.cpp(265,48): warning C4267: 'argument': conversion from 'size_t' to 'int', possible loss of data
C:\AtomicShield\AtomicShieldClient\AtomicEngine\Vendor\ixwebsocket\IXSocketConnect.cpp(48,34): warning C4244: 'argument': conversion from 'ix::socket_t' to 'int', possible loss of data
C:\AtomicShield\AtomicShieldClient\AtomicEngine\Vendor\ixwebsocket\IXSocketConnect.cpp(50,58): warning C4267: 'argument': conversion from 'size_t' to 'int', possible loss of data
C:\AtomicShield\AtomicShieldClient\AtomicEngine\Vendor\ixwebsocket\IXSocketConnect.cpp(55,33): warning C4244: 'argument': conversion from 'ix::socket_t' to 'int', possible loss of data
C:\AtomicShield\AtomicShieldClient\AtomicEngine\Vendor\ixwebsocket\IXSocket.cpp(328,31): warning C4244: '+=': conversion from 'ssize_t' to 'int', possible loss of data
C:\AtomicShield\AtomicShieldClient\AtomicEngine\Vendor\ixwebsocket\IXSocket.cpp(329,28): warning C4244: '-=': conversion from 'ssize_t' to 'int', possible loss of data
C:\AtomicShield\AtomicShieldClient\AtomicEngine\Vendor\ixwebsocket\IXSocketConnect.cpp(63,37): warning C4244: 'argument': conversion from 'ix::socket_t' to 'int', possible loss of data
C:\AtomicShield\AtomicShieldClient\AtomicEngine\Vendor\ixwebsocket\IXSocketConnect.cpp(71,78): warning C4244: 'argument': conversion from 'ix::socket_t' to 'int', possible loss of data
C:\AtomicShield\AtomicShieldClient\AtomicEngine\Vendor\ixwebsocket\IXSocketConnect.cpp(79,37): warning C4244: 'argument': conversion from 'ix::socket_t' to 'int', possible loss of data
C:\AtomicShield\AtomicShieldClient\AtomicEngine\Vendor\ixwebsocket\IXSocketConnect.cpp(89,37): warning C4244: 'argument': conversion from 'ix::socket_t' to 'int', possible loss of data
C:\AtomicShield\AtomicShieldClient\AtomicEngine\Vendor\ixwebsocket\IXSocketConnect.cpp(85,24): warning C4244: 'return': conversion from 'ix::socket_t' to 'int', possible loss of data
  IXWebSocketHttpHeaders.cpp
  IXWebSocketPerMessageDeflate.cpp
  IXWebSocketPerMessageDeflateCodec.cpp
  IXWebSocketPerMessageDeflateOptions.cpp
  IXWebSocketProxyServer.cpp
  IXWebSocketServer.cpp
  IXWebSocketTransport.cpp
  LiteRegedit.cpp
C:\AtomicShield\AtomicShieldClient\AtomicEngine\Vendor\ixwebsocket\IXUdpSocket.cpp(70,25): warning C4244: 'argument': conversion from 'SOCKET' to 'const _Ty', possible loss of data
C:\AtomicShield\AtomicShieldClient\AtomicEngine\Vendor\ixwebsocket\IXUdpSocket.cpp(70,25): warning C4244:         with
C:\AtomicShield\AtomicShieldClient\AtomicEngine\Vendor\ixwebsocket\IXUdpSocket.cpp(70,25): warning C4244:         [
C:\AtomicShield\AtomicShieldClient\AtomicEngine\Vendor\ixwebsocket\IXUdpSocket.cpp(70,25): warning C4244:             _Ty=int
C:\AtomicShield\AtomicShieldClient\AtomicEngine\Vendor\ixwebsocket\IXUdpSocket.cpp(70,25): warning C4244:         ]
C:\AtomicShield\AtomicShieldClient\AtomicEngine\Vendor\ixwebsocket\IXUdpSocket.cpp(113,48): warning C4267: 'argument': conversion from 'size_t' to 'int', possible loss of data
C:\AtomicShield\AtomicShieldClient\AtomicEngine\Vendor\ixwebsocket\IXUdpSocket.cpp(124,30): warning C4267: 'argument': conversion from 'size_t' to 'int', possible loss of data
C:\AtomicShield\AtomicShieldClient\AtomicEngine\Vendor\ixwebsocket\IXSocketServer.cpp(97,33): warning C4244: 'argument': conversion from 'ix::socket_t' to 'int', possible loss of data
C:\AtomicShield\AtomicShieldClient\AtomicEngine\Vendor\ixwebsocket\IXSocketServer.cpp(114,37): warning C4244: 'argument': conversion from 'ix::socket_t' to 'int', possible loss of data
C:\AtomicShield\AtomicShieldClient\AtomicEngine\Vendor\ixwebsocket\IXSocketServer.cpp(126,37): warning C4244: 'argument': conversion from 'ix::socket_t' to 'int', possible loss of data
C:\AtomicShield\AtomicShieldClient\AtomicEngine\Vendor\ixwebsocket\IXSocketServer.cpp(143,37): warning C4244: 'argument': conversion from 'ix::socket_t' to 'int', possible loss of data
C:\AtomicShield\AtomicShieldClient\AtomicEngine\Vendor\ixwebsocket\IXSocketServer.cpp(155,37): warning C4244: 'argument': conversion from 'ix::socket_t' to 'int', possible loss of data
C:\AtomicShield\AtomicShieldClient\AtomicEngine\Vendor\ixwebsocket\IXSocketServer.cpp(169,33): warning C4244: 'argument': conversion from 'ix::socket_t' to 'int', possible loss of data
C:\AtomicShield\AtomicShieldClient\AtomicEngine\Vendor\ixwebsocket\IXSocketServer.cpp(232,29): warning C4244: 'argument': conversion from 'ix::socket_t' to 'int', possible loss of data
C:\AtomicShield\AtomicShieldClient\AtomicEngine\Vendor\ixwebsocket\IXSocketServer.cpp(273,34): warning C4244: 'argument': conversion from 'ix::socket_t' to 'int', possible loss of data
C:\AtomicShield\AtomicShieldClient\AtomicEngine\Vendor\ixwebsocket\IXSocketServer.cpp(293,54): warning C4244: 'argument': conversion from 'ix::socket_t' to 'int', possible loss of data
C:\AtomicShield\AtomicShieldClient\AtomicEngine\Vendor\ixwebsocket\IXSocketServer.cpp(315,35): warning C4244: '=': conversion from 'SOCKET' to 'int', possible loss of data
C:\AtomicShield\AtomicShieldClient\AtomicEngine\Utils.cpp(126,74): warning C4244: '=': conversion from 'DWORD64' to 'DWORD', possible loss of data
C:\AtomicShield\AtomicShieldClient\AtomicEngine\Utils.cpp(301,73): warning C4267: 'argument': conversion from 'size_t' to 'DWORD', possible loss of data
C:\AtomicShield\AtomicShieldClient\AtomicEngine\Vendor\LiteRegedit\LiteRegedit.cpp(49,60): warning C4267: 'argument': conversion from 'size_t' to 'DWORD', possible loss of data
C:\AtomicShield\AtomicShieldClient\AtomicEngine\Vendor\LiteRegedit\LiteRegedit.cpp(80,26): warning C4267: '=': conversion from 'size_t' to 'DWORD', possible loss of data
C:\AtomicShield\AtomicShieldClient\AtomicEngine\Vendor\LiteRegedit\LiteRegedit.cpp(132,57): warning C4267: 'argument': conversion from 'size_t' to 'DWORD', possible loss of data
  KernelCalls.c
  AtomicEngine.vcxproj -> C:\AtomicShield\AtomicShieldClient\Build\Atomic Engine.dll
